(SELECT sid FROM (SELECT * FROM (enrollment))) EXCEPT (SELECT sid FROM (student));