SELECT year FROM (SELECT * FROM (student) WHERE year=1);