SELECT * FROM (SELECT * FROM (student) WHERE sid > 10) WHERE year = 2;