(SELECT * FROM (student)) CROSS JOIN (SELECT * FROM (course));